// Jest Snapshot v1, https://goo.gl/fbAQLP

exports[`Component matches Snapshot 1`] = `
<div>
  <div>
    <h2>
      Welcome to React components
    </h2>
  </div>
</div>
`;
